// Jest Snapshot v1, https://goo.gl/fbAQLP

exports[`Slider Render 01. with empty props 1`] = `
<div
  class="slider positionTop"
  data-testid="monday-slider"
>
  <div
    class="base small"
    data-testid="monday-slider__base"
  >
    <div
      class="rail small"
      data-testid="monday-slider__rail"
    >
      <div
        class="track"
      />
      <div
        class="filledTrack"
        style="left: 0%; width: 0%;"
      />
      <div
        aria-disabled="false"
        aria-valuemax="100"
        aria-valuemin="0"
        aria-valuenow="0"
        aria-valuetext="0%"
        class="thumb small notDisabledThumb"
        data-testid="monday-slider__thumb-0"
        role="slider"
        style="left: 0%;"
        tabindex="0"
      />
    </div>
  </div>
</div>
`;

exports[`Slider Render 02. with ariaLabel 1`] = `
Snapshot Diff:
- Default Render
+ Current Render: {"ariaLabel":"My Slider"}

@@ --- --- @@
        />
        <div
          aria-disabled="false"
+         aria-label="My Slider"
          aria-valuemax="100"
          aria-valuemin="0"
          aria-valuenow="0"
`;

exports[`Slider Render 03. with ariaLabelledby 1`] = `
Snapshot Diff:
- Default Render
+ Current Render: {"ariaLabelledby":"id-of-the-custom-label"}

@@ --- --- @@
        />
        <div
          aria-disabled="false"
+         aria-labelledby="id-of-the-custom-label"
          aria-valuemax="100"
          aria-valuemin="0"
          aria-valuenow="0"
`;

exports[`Slider Render 04. with custom className 1`] = `
Snapshot Diff:
- Default Render
+ Current Render: {"className":"slide-me"}

@@ --- --- @@
  <div
-   class="slider positionTop"
+   class="slider positionTop slide-me"
    data-testid="monday-slider"
  >
    <div
`;

exports[`Slider Render 05. with id and data-testid 1`] = `
Snapshot Diff:
- Default Render
+ Current Render: {"id":"my-slider","data-testid":"my-slider"}

@@ --- --- @@
  <div
    class="slider positionTop"
-   data-testid="monday-slider"
+   data-testid="my-slider"
+   id="my-slider"
  >
    <div
      class="base small"
-     data-testid="monday-slider__base"
+     data-testid="my-slider__base"
    >
      <div
        class="rail small"
-       data-testid="monday-slider__rail"
+       data-testid="my-slider__rail"
      >
        <div
          class="track"
@@ --- --- @@
          aria-valuenow="0"
          aria-valuetext="0%"
          class="thumb small notDisabledThumb"
-         data-testid="monday-slider__thumb-0"
+         data-testid="my-slider__thumb-0"
          role="slider"
          style="left: 0%;"
          tabindex="0"
`;

exports[`Slider Render 06. with disabled 1`] = `
Snapshot Diff:
- Default Render
+ Current Render: {"disabled":true}

@@ --- --- @@
    data-testid="monday-slider"
  >
    <div
-     class="base small"
+     class="base small disabled"
      data-testid="monday-slider__base"
    >
      <div
@@ --- --- @@
          style="left: 0%; width: 0%;"
        />
        <div
-         aria-disabled="false"
+         aria-disabled="true"
          aria-valuemax="100"
          aria-valuemin="0"
          aria-valuenow="0"
          aria-valuetext="0%"
-         class="thumb small notDisabledThumb"
+         class="thumb small"
          data-testid="monday-slider__thumb-0"
          role="slider"
          style="left: 0%;"
-         tabindex="0"
+         tabindex="-1"
        />
      </div>
    </div>
`;

exports[`Slider Render 07. with color 1`] = `
Snapshot Diff:
- Default Render
+ Current Render: {"color":"positive"}

@@ --- --- @@
    data-testid="monday-slider"
  >
    <div
-     class="base small"
+     class="base small positive"
      data-testid="monday-slider__base"
    >
      <div
@@ --- --- @@
        data-testid="monday-slider__rail"
      >
        <div
-         class="track"
+         class="track positive"
        />
        <div
-         class="filledTrack"
+         class="filledTrack positive"
          style="left: 0%; width: 0%;"
        />
        <div
@@ --- --- @@
          aria-valuemin="0"
          aria-valuenow="0"
          aria-valuetext="0%"
-         class="thumb small notDisabledThumb"
+         class="thumb positive small notDisabledThumb"
          data-testid="monday-slider__thumb-0"
          role="slider"
          style="left: 0%;"
`;

exports[`Slider Render 08. with size 1`] = `
Snapshot Diff:
- Default Render
+ Current Render: {"size":"large"}

@@ --- --- @@
    data-testid="monday-slider"
  >
    <div
-     class="base small"
+     class="base large"
      data-testid="monday-slider__base"
    >
      <div
-       class="rail small"
+       class="rail large"
        data-testid="monday-slider__rail"
      >
        <div
@@ --- --- @@
          aria-valuemin="0"
          aria-valuenow="0"
          aria-valuetext="0%"
-         class="thumb small notDisabledThumb"
+         class="thumb large notDisabledThumb"
          data-testid="monday-slider__thumb-0"
          role="slider"
          style="left: 0%;"
`;

exports[`Slider Render 09. with min, max, and step 1`] = `
Snapshot Diff:
- Default Render
+ Current Render: {"min":10,"max":20,"step":2}

@@ --- --- @@
        />
        <div
          aria-disabled="false"
-         aria-valuemax="100"
-         aria-valuemin="0"
-         aria-valuenow="0"
-         aria-valuetext="0%"
+         aria-valuemax="20"
+         aria-valuemin="10"
+         aria-valuenow="10"
+         aria-valuetext="10%"
          class="thumb small notDisabledThumb"
          data-testid="monday-slider__thumb-0"
          role="slider"
`;

exports[`Slider Render 10. with showValue 1`] = `
Snapshot Diff:
- Default Render
+ Current Render: {"showValue":true}

@@ --- --- @@
  <div
-   class="slider positionTop"
+   class="slider valueShown positionTop"
    data-testid="monday-slider"
  >
    <div
@@ --- --- @@
          role="slider"
          style="left: 0%;"
          tabindex="0"
-       />
+       >
+         <label
+           class="label colorPrimary positionTop"
+         >
+           0%
+         </label>
+       </div>
      </div>
    </div>
  </div>
`;

exports[`Slider Render 11. with valueFormatter 1`] = `
Snapshot Diff:
- Default Render
+ Current Render: {}

@@ --- --- @@
          aria-valuemax="100"
          aria-valuemin="0"
          aria-valuenow="0"
-         aria-valuetext="0%"
+         aria-valuetext="--0GB--"
          class="thumb small notDisabledThumb"
          data-testid="monday-slider__thumb-0"
          role="slider"
`;

exports[`Slider Render 12. with value (controlled component) 1`] = `
Snapshot Diff:
- Default Render
+ Current Render: {"value":12}

@@ --- --- @@
        />
        <div
          class="filledTrack"
-         style="left: 0%; width: 0%;"
+         style="left: 0%; width: 12%;"
        />
        <div
          aria-disabled="false"
          aria-valuemax="100"
          aria-valuemin="0"
-         aria-valuenow="0"
-         aria-valuetext="0%"
+         aria-valuenow="12"
+         aria-valuetext="12%"
          class="thumb small notDisabledThumb"
          data-testid="monday-slider__thumb-0"
          role="slider"
-         style="left: 0%;"
+         style="left: 12%;"
          tabindex="0"
        />
      </div>
`;

exports[`Slider Render 13. with value, valueText (controlled component) 1`] = `
Snapshot Diff:
- Default Render
+ Current Render: {"value":15,"valueText":"15kg"}

@@ --- --- @@
        />
        <div
          class="filledTrack"
-         style="left: 0%; width: 0%;"
+         style="left: 0%; width: 15%;"
        />
        <div
          aria-disabled="false"
          aria-valuemax="100"
          aria-valuemin="0"
-         aria-valuenow="0"
-         aria-valuetext="0%"
+         aria-valuenow="15"
+         aria-valuetext="15kg"
          class="thumb small notDisabledThumb"
          data-testid="monday-slider__thumb-0"
          role="slider"
-         style="left: 0%;"
+         style="left: 15%;"
          tabindex="0"
        />
      </div>
`;

exports[`Slider Render 14. with indicateSelection 1`] = `
Snapshot Diff:
- Default Render
+ Current Render: {"indicateSelection":true}

@@ --- --- @@
        />
      </div>
    </div>
+   <div
+     class="infix postfix"
+     style="width: 60px;"
+   >
+     <div
+       data-testid="mock-text-field-comp"
+     >
+       {"value":"0%","className":"selectionIndicator"}
+     </div>
+   </div>
  </div>
`;

exports[`Slider Render 15. with prefix (string) and postfix (Icon) 1`] = `
Snapshot Diff:
- Default Render
+ Current Render

@@ --- --- @@
    data-testid="monday-slider"
  >
    <div
+     class="infix prefix txt"
+   >
+     Vol
+   </div>
+   <div
      class="base small"
      data-testid="monday-slider__base"
    >
@@ --- --- @@
          style="left: 0%;"
          tabindex="0"
        />
+     </div>
+   </div>
+   <div
+     class="infix postfix"
+   >
+     <div
+       data-testid="mock-icon"
+     >
+       {"clickable":false,"iconSize":18,"ignoreFocusStyle":true,"icon":"Sound"}
      </div>
    </div>
  </div>
`;

exports[`Slider Render 16. with prefix (custom) and postfix (render-props) 1`] = `
Snapshot Diff:
- Default Render
+ Current Render

@@ --- --- @@
    data-testid="monday-slider"
  >
    <div
+     class="infix prefix"
+   >
+     <div>
+       Custom component
+     </div>
+   </div>
+   <div
      class="base small"
      data-testid="monday-slider__base"
    >
@@ --- --- @@
          tabindex="0"
        />
      </div>
+   </div>
+   <div
+     class="infix postfix"
+   >
+     Render Props result: 0% (0)
    </div>
  </div>
`;

exports[`Slider Render 17. with ranged (ranged slider) 1`] = `
Snapshot Diff:
- Default Render
+ Current Render: {"ranged":true}

@@ --- --- @@
        />
        <div
          class="filledTrack"
-         style="left: 0%; width: 0%;"
+         style="left: 0%; width: 100%;"
        />
        <div
          aria-disabled="false"
@@ --- --- @@
          data-testid="monday-slider__thumb-0"
          role="slider"
          style="left: 0%;"
+         tabindex="0"
+       />
+       <div
+         aria-disabled="false"
+         aria-valuemax="100"
+         aria-valuemin="0"
+         aria-valuenow="100"
+         aria-valuetext="100%"
+         class="thumb small notDisabledThumb"
+         data-testid="monday-slider__thumb-1"
+         role="slider"
+         style="left: 100%;"
          tabindex="0"
        />
      </div>
`;

exports[`Slider Render 18. ranged slider with options 1`] = `
Snapshot Diff:
- Default Render
+ Current Render: {"defaultValue":[20,30],"min":10,"max":50,"ranged":true,"step":2}

@@ --- --- @@
        />
        <div
          class="filledTrack"
-         style="left: 0%; width: 0%;"
+         style="left: 25%; width: 25%;"
        />
        <div
          aria-disabled="false"
-         aria-valuemax="100"
-         aria-valuemin="0"
-         aria-valuenow="0"
-         aria-valuetext="0%"
+         aria-valuemax="50"
+         aria-valuemin="10"
+         aria-valuenow="20"
+         aria-valuetext="20%"
          class="thumb small notDisabledThumb"
          data-testid="monday-slider__thumb-0"
          role="slider"
-         style="left: 0%;"
+         style="left: 25%;"
+         tabindex="0"
+       />
+       <div
+         aria-disabled="false"
+         aria-valuemax="50"
+         aria-valuemin="10"
+         aria-valuenow="30"
+         aria-valuetext="30%"
+         class="thumb small notDisabledThumb"
+         data-testid="monday-slider__thumb-1"
+         role="slider"
+         style="left: 50%;"
          tabindex="0"
        />
      </div>
`;
