// Vitest Snapshot v1, https://vitest.dev/guide/snapshot.html

exports[`Skeleton renders correctly > renders correctly when circle > with empty props 1`] = `
<div
  className="skeleton"
  data-testid="skeleton"
>
  <div
    className="circle circleCustom"
    style={
      {
        "height": undefined,
        "width": undefined,
      }
    }
  />
</div>
`;

exports[`Skeleton renders correctly > renders correctly when circle > with fixed height 1`] = `
<div
  className="skeleton"
  data-testid="skeleton"
>
  <div
    className="circle circleCustom"
    style={
      {
        "height": 100,
        "width": undefined,
      }
    }
  />
</div>
`;

exports[`Skeleton renders correctly > renders correctly when circle > with fixed height and width 1`] = `
<div
  className="skeleton"
  data-testid="skeleton"
>
  <div
    className="circle circleCustom"
    style={
      {
        "height": 100,
        "width": 100,
      }
    }
  />
</div>
`;

exports[`Skeleton renders correctly > renders correctly when circle > with fixed width 1`] = `
<div
  className="skeleton"
  data-testid="skeleton"
>
  <div
    className="circle circleCustom"
    style={
      {
        "height": undefined,
        "width": 100,
      }
    }
  />
</div>
`;

exports[`Skeleton renders correctly > renders correctly when rectangle > with empty props 1`] = `
<div
  className="skeleton"
  data-testid="skeleton"
>
  <div
    className="rectangle rectangleCustom"
    style={
      {
        "height": undefined,
        "width": undefined,
      }
    }
  />
</div>
`;

exports[`Skeleton renders correctly > renders correctly when rectangle > with fixed height 1`] = `
<div
  className="skeleton"
  data-testid="skeleton"
>
  <div
    className="rectangle rectangleCustom"
    style={
      {
        "height": 100,
        "width": undefined,
      }
    }
  />
</div>
`;

exports[`Skeleton renders correctly > renders correctly when rectangle > with fixed height and width 1`] = `
<div
  className="skeleton"
  data-testid="skeleton"
>
  <div
    className="rectangle rectangleCustom"
    style={
      {
        "height": 100,
        "width": 100,
      }
    }
  />
</div>
`;

exports[`Skeleton renders correctly > renders correctly when rectangle > with fixed width 1`] = `
<div
  className="skeleton"
  data-testid="skeleton"
>
  <div
    className="rectangle rectangleCustom"
    style={
      {
        "height": undefined,
        "width": 100,
      }
    }
  />
</div>
`;

exports[`Skeleton renders correctly > renders correctly when text > with CUSTOM size 1`] = `
<div
  className="skeleton"
  data-testid="skeleton"
>
  <div
    className="text textCustom"
    style={
      {
        "height": undefined,
        "width": undefined,
      }
    }
  />
</div>
`;

exports[`Skeleton renders correctly > renders correctly when text > with H1 size 1`] = `
<div
  className="skeleton"
  data-testid="skeleton"
>
  <div
    className="text textCustom"
    style={
      {
        "height": undefined,
        "width": undefined,
      }
    }
  />
</div>
`;

exports[`Skeleton renders correctly > renders correctly when text > with H2 size 1`] = `
<div
  className="skeleton"
  data-testid="skeleton"
>
  <div
    className="text textCustom"
    style={
      {
        "height": undefined,
        "width": undefined,
      }
    }
  />
</div>
`;

exports[`Skeleton renders correctly > renders correctly when text > with H3 size 1`] = `
<div
  className="skeleton"
  data-testid="skeleton"
>
  <div
    className="text textCustom"
    style={
      {
        "height": undefined,
        "width": undefined,
      }
    }
  />
</div>
`;

exports[`Skeleton renders correctly > renders correctly when text > with H4 size 1`] = `
<div
  className="skeleton"
  data-testid="skeleton"
>
  <div
    className="text textCustom"
    style={
      {
        "height": undefined,
        "width": undefined,
      }
    }
  />
</div>
`;

exports[`Skeleton renders correctly > renders correctly when text > with H5 size 1`] = `
<div
  className="skeleton"
  data-testid="skeleton"
>
  <div
    className="text textCustom"
    style={
      {
        "height": undefined,
        "width": undefined,
      }
    }
  />
</div>
`;

exports[`Skeleton renders correctly > renders correctly when text > with empty props 1`] = `
<div
  className="skeleton"
  data-testid="skeleton"
>
  <div
    className="text textCustom"
    style={
      {
        "height": undefined,
        "width": undefined,
      }
    }
  />
</div>
`;

exports[`Skeleton renders correctly > renders correctly when text > with fixed height 1`] = `
<div
  className="skeleton"
  data-testid="skeleton"
>
  <div
    className="text textCustom"
    style={
      {
        "height": 100,
        "width": undefined,
      }
    }
  />
</div>
`;

exports[`Skeleton renders correctly > renders correctly when text > with fixed height and width 1`] = `
<div
  className="skeleton"
  data-testid="skeleton"
>
  <div
    className="text textCustom"
    style={
      {
        "height": 100,
        "width": 100,
      }
    }
  />
</div>
`;

exports[`Skeleton renders correctly > renders correctly when text > with fixed width 1`] = `
<div
  className="skeleton"
  data-testid="skeleton"
>
  <div
    className="text textCustom"
    style={
      {
        "height": undefined,
        "width": 100,
      }
    }
  />
</div>
`;

exports[`Skeleton renders correctly > renders correctly with empty props 1`] = `
<div
  className="skeleton"
  data-testid="skeleton"
>
  <div
    className="rectangle rectangleCustom"
    style={
      {
        "height": undefined,
        "width": undefined,
      }
    }
  />
</div>
`;
