// Vitest Snapshot v1, https://vitest.dev/guide/snapshot.html

exports[`renders correctly with class name 1`] = `
<div
  className="virtualizedGridWrapper class-name"
  data-testid="virtualized-grid"
>
  <div
    style={
      {
        "height": 0,
        "overflow": "visible",
        "width": 0,
      }
    }
  />
</div>
`;

exports[`renders correctly with empty props 1`] = `
<div
  className="virtualizedGridWrapper"
  data-testid="virtualized-grid"
>
  <div
    style={
      {
        "height": 0,
        "overflow": "visible",
        "width": 0,
      }
    }
  />
</div>
`;

exports[`renders correctly with scrollable class name 1`] = `
<div
  className="virtualizedGridWrapper"
  data-testid="virtualized-grid"
>
  <div
    style={
      {
        "height": 0,
        "overflow": "visible",
        "width": 0,
      }
    }
  />
</div>
`;
