// Jest Snapshot v1, https://goo.gl/fbAQLP

exports[`exports should export all components 1`] = `
[
  "Accordion",
  "AccordionItem",
  "AlertBanner",
  "AlertBannerButton",
  "AlertBannerLink",
  "AlertBannerText",
  "AttentionBox",
  "AttentionBoxLink",
  "Avatar",
  "AvatarGroup",
  "Badge",
  "Box",
  "BreadcrumbItem",
  "BreadcrumbsBar",
  "Button",
  "ButtonGroup",
  "Checkbox",
  "Chips",
  "Clickable",
  "ColorPicker",
  "ColorPickerContent",
  "ColorUtils",
  "Combobox",
  "Counter",
  "CustomSvgIcon",
  "DatePicker",
  "Dialog",
  "DialogContentContainer",
  "Divider",
  "Dropdown",
  "DropdownMenu",
  "DropdownOption",
  "DropdownSingleValue",
  "EditableHeading",
  "EditableText",
  "EmptyState",
  "ExpandCollapse",
  "Flex",
  "FormattedNumber",
  "GridKeyboardNavigationContext",
  "Heading",
  "HiddenText",
  "Icon",
  "IconButton",
  "Label",
  "LayerProvider",
  "LinearProgressBar",
  "Link",
  "List",
  "ListItem",
  "ListItemAvatar",
  "ListItemIcon",
  "ListTitle",
  "Loader",
  "Menu",
  "MenuButton",
  "MenuDivider",
  "MenuGridItem",
  "MenuItem",
  "MenuItemButton",
  "MenuTitle",
  "Modal",
  "ModalContent",
  "ModalFooter",
  "ModalFooterButtons",
  "ModalHeader",
  "MultiStepIndicator",
  "RadioButton",
  "Search",
  "Skeleton",
  "Slider",
  "SplitButton",
  "SplitButtonMenu",
  "Steps",
  "Tab",
  "TabList",
  "TabPanel",
  "TabPanels",
  "Table",
  "TableBody",
  "TableCell",
  "TableContainer",
  "TableHeader",
  "TableHeaderCell",
  "TableRow",
  "TableRowMenu",
  "TableVirtualizedBody",
  "TabsContext",
  "Text",
  "TextArea",
  "TextField",
  "TextWithHighlight",
  "ThemeProvider",
  "Tipseen",
  "TipseenContent",
  "TipseenImage",
  "TipseenMedia",
  "TipseenWizard",
  "Toast",
  "ToastButton",
  "ToastLink",
  "Toggle",
  "Tooltip",
  "TransitionView",
  "VirtualizedGrid",
  "VirtualizedList",
  "useGridKeyboardNavigationContext",
]
`;

exports[`exports should export next all components 1`] = `
[
  "Modal",
  "ModalBasicLayout",
  "ModalContent",
  "ModalFooter",
  "ModalFooterWizard",
  "ModalHeader",
  "ModalMedia",
  "ModalMediaLayout",
  "ModalSideBySideLayout",
]
`;
