// Vitest Snapshot v1, https://vitest.dev/guide/snapshot.html

exports[`ExpandCollapse > renders correctly with empty props 1`] = `
<div
  data-testid="expand-collapse"
  id=""
>
  <div
    className="expandCollapse showBorder"
  >
    <button
      aria-controls="-controls"
      aria-expanded={false}
      className="header section"
      onClickCapture={[Function]}
      type="button"
    >
      <svg
        aria-hidden={true}
        className="icon iconComponent animateIconClose"
        data-testid="icon"
        data-vibe="Icon"
        fill="currentColor"
        height="24"
        viewBox="0 0 20 20"
        width="24"
      >
        <path
          d="M9.442 12.76a.77.77 0 0 0 1.116 0l4.21-4.363a.84.84 0 0 0 0-1.157.77.77 0 0 0-1.116 0L10 11.025 6.348 7.24a.77.77 0 0 0-1.117 0 .84.84 0 0 0 0 1.157l4.21 4.363Z"
        />
      </svg>
    </button>
  </div>
</div>
`;
