// Vitest Snapshot v1, https://vitest.dev/guide/snapshot.html

exports[`renders correctly with empty props 1`] = `
<span
  className="hiddenTextWrapper"
  data-testid="hidden-text_hiddenText"
  id="hiddenText"
>
  This text is hidden
</span>
`;
